// Jest Snapshot v1, https://goo.gl/fbAQLP

exports[`Login should render Login page 1`] = `[Function]`;
