// Jest Snapshot v1, https://goo.gl/fbAQLP

exports[`NoUser should render NoUser page 1`] = `
<div
  id="root"
>
  <div>
    <nav>
      
      
      <img
        class="logo"
        src="./icons&img/logo.png"
      />
      
     
      
      
    </nav>
    
      
    <div
      class="noUser-view signUp-container"
    >
      
      
      <h2>
        Debes iniciar sesion para ver el contenido de la pagina
      </h2>
      
      
      <br />
      
      
      <br />
      
      
      <input
        class="button"
        id="loginSubmit"
        type="button"
        value="Inicia SesiÃ³n"
      />
      
      
    </div>
  </div>
</div>
`;
