// Jest Snapshot v1, https://goo.gl/fbAQLP

exports[`Profile should render Profile page 1`] = `"undefined"`;
